// Jest Snapshot v1, https://goo.gl/fbAQLP

exports[`NotFound should render 1`] = `
<div
  className="flex flex-col items-center"
>
  <svg
    aria-hidden="true"
    className="w-16 h-16 mt-8 text-theme-color-light dark:text-theme-color-dark"
  >
    error-404.svg
  </svg>
  <h1
    className="text-6xl font-semibold text-gray-700 dark:text-gray-200"
  >
    404
  </h1>
  <p
    className="my-4 text-gray-700 dark:text-gray-300"
  >
    Test Message
  </p>
  &lt;Link /&gt;
</div>
`;
